[backblue.gif]
[fade.gif]
[index.html]
[127.0.0.1_8000/static/img/favicon.ico]
[127.0.0.1_8000/static/img/apple-touch-icon-57x57-precomposed.png]
[127.0.0.1_8000/static/img/apple-touch-icon-72x72-precomposed.png]
[127.0.0.1_8000/static/img/apple-touch-icon-114x114-precomposed.png]
[127.0.0.1_8000/static/img/apple-touch-icon-144x144-precomposed.png]
[127.0.0.1_8000/static/img/logo.png]
[127.0.0.1_8000/static/img/sub_header_home.jpg]
[127.0.0.1_8000/static/img/thumb_restaurant.jpg]
[127.0.0.1_8000/static/img/thumb_restaurant_2.jpg]
[127.0.0.1_8000/static/img/thumb_restaurant_3.jpg]
[127.0.0.1_8000/static/img/thumb_restaurant_4.jpg]
[127.0.0.1_8000/static/img/thumb_restaurant_5.jpg]
[127.0.0.1_8000/static/img/thumb_restaurant_6.jpg]
[127.0.0.1_8000/static/img/bg_office.jpg]
[127.0.0.1_8000/static/img/submit_restaurant.jpg]
[127.0.0.1_8000/static/img/delivery.jpg]
[127.0.0.1_8000/static/img/cards.png]
[127.0.0.1_8000/static/js/jquery-2.2.4.min.js]
[127.0.0.1_8000/static/js/common_scripts_min.js]
[127.0.0.1_8000/index.html]
[127.0.0.1_8000/static/css/animate.min.css]
[127.0.0.1_8000/static/js/functions.js]
[127.0.0.1_8000/static/fonts/glyphicons-halflings-regular.eot]
[127.0.0.1_8000/static/fonts/glyphicons-halflings-regular.woff2]
[127.0.0.1_8000/static/fonts/glyphicons-halflings-regular.woff]
[127.0.0.1_8000/static/fonts/glyphicons-halflings-regulard41d.eot]
[127.0.0.1_8000/static/fonts/glyphicons-halflings-regular.ttf]
[127.0.0.1_8000/static/css/bootstrap.min.css]
[127.0.0.1_8000/static/css/menu.css]
[127.0.0.1_8000/static/img/dots_vert.png]
[127.0.0.1_8000/static/img/ribbon_popular.png]
[127.0.0.1_8000/static/img/features-intro-01.jpg]
[127.0.0.1_8000/static/img/delivery_2.jpg]
[127.0.0.1_8000/static/img/ribbon.png]
[127.0.0.1_8000/static/css/style.css]
[127.0.0.1_8000/static/css/responsive.css]
[127.0.0.1_8000/static/css/elegant_font/fonts/ElegantIcons.eot]
[127.0.0.1_8000/static/css/elegant_font/fonts/ElegantIcons.34.delayed]
[127.0.0.1_8000/static/css/elegant_font/fonts/ElegantIconsd41d.eot]
[127.0.0.1_8000/static/css/elegant_font/fonts/ElegantIcons.ttf]
[127.0.0.1_8000/static/css/elegant_font/elegant_font.min.css]
[127.0.0.1_8000/static/css/fontello/font/fontello4508.eot]
[127.0.0.1_8000/static/css/fontello/font/fontello4508.woff]
[127.0.0.1_8000/static/css/fontello/font/fontello4508.ttf]
[127.0.0.1_8000/static/css/fontello/css/fontello.min.css]
[127.0.0.1_8000/static/css/magnific-popup.css]
[127.0.0.1_8000/static/img/slides/slide_1.jpg]
[127.0.0.1_8000/static/img/slides/slide_4.jpg]
[127.0.0.1_8000/static/img/slides/slide_2.jpg]
[127.0.0.1_8000/static/img/slides/slide_3.jpg]
[127.0.0.1_8000/static/layerslider/js/greensock.js]
[127.0.0.1_8000/static/layerslider/js/layerslider.transitions.js]
[127.0.0.1_8000/static/layerslider/js/layerslider.kreaturamedia.jquery.js]
[127.0.0.1_8000/index_with_slider/index.html]
[127.0.0.1_8000/static/js/jquery.cookiebar.js]
[127.0.0.1_8000/index_with_cookie_bar/index.html]
[127.0.0.1_8000/static/js/pop_up.min.js]
[127.0.0.1_8000/index_with_popup/index.html]
[127.0.0.1_8000/static/img/sub_header_short.jpg]
[127.0.0.1_8000/static/js/cat_nav_mobile.js]
[127.0.0.1_8000/static/js/map.js]
[127.0.0.1_8000/static/js/infobox.js]
[127.0.0.1_8000/static/js/ion.rangeSlider.js]
[127.0.0.1_8000/row_list/index.html]
[127.0.0.1_8000/grid_list/index.html]
[127.0.0.1_8000/map_listing/index.html]
[127.0.0.1_8000/static/js/map_listing.js]
[127.0.0.1_8000/static/img/sub_header_2.jpg]
[127.0.0.1_8000/static/img/menu-thumb-1.jpg]
[127.0.0.1_8000/static/img/menu-thumb-2.jpg]
[127.0.0.1_8000/static/img/menu-thumb-3.jpg]
[127.0.0.1_8000/static/img/menu-thumb-4.jpg]
[127.0.0.1_8000/static/img/menu-thumb-5.jpg]
[127.0.0.1_8000/static/img/menu-thumb-6.jpg]
[127.0.0.1_8000/static/img/menu-thumb-7.jpg]
[127.0.0.1_8000/static/img/menu-thumb-8.jpg]
[127.0.0.1_8000/static/img/menu-thumb-9.jpg]
[127.0.0.1_8000/static/img/menu-thumb-10.jpg]
[127.0.0.1_8000/static/img/menu-thumb-11.jpg]
[127.0.0.1_8000/static/img/menu-thumb-12.jpg]
[127.0.0.1_8000/static/img/menu-thumb-13.jpg]
[127.0.0.1_8000/static/img/menu-thumb-14.jpg]
[127.0.0.1_8000/static/img/menu-thumb-15.jpg]
[127.0.0.1_8000/static/img/menu-thumb-16.jpg]
[127.0.0.1_8000/static/img/menu-thumb-17.jpg]
[127.0.0.1_8000/static/img/menu-thumb-18.jpg]
[127.0.0.1_8000/static/img/menu-thumb-19.jpg]
[127.0.0.1_8000/static/img/menu-thumb-20.jpg]
[127.0.0.1_8000/static/img/menu-thumb-21.jpg]
[127.0.0.1_8000/static/img/menu-thumb-22.jpg]
[127.0.0.1_8000/static/img/menu-thumb-23.jpg]
[127.0.0.1_8000/static/img/menu-thumb-24.jpg]
[127.0.0.1_8000/static/js/ResizeSensor.min.js]
[127.0.0.1_8000/static/js/theia-sticky-sidebar.min.js]
[127.0.0.1_8000/restaurant_menu/index.html]
[127.0.0.1_8000/static/img/sub_header_cart.jpg]
[127.0.0.1_8000/submit_restaurant/index.html]
[127.0.0.1_8000/cart/index.html]
[127.0.0.1_8000/static/img/icon_ccv.gif]
[127.0.0.1_8000/cart_2/index.html]
[127.0.0.1_8000/cart_3/index.html]
[127.0.0.1_8000/static/js/bootstrap-datepicker.js]
[127.0.0.1_8000/cart_dt/index.html]
[127.0.0.1_8000/static/js/bootstrap-timepicker.js]
[127.0.0.1_8000/about/index.html]
[127.0.0.1_8000/faq/index.html]
[127.0.0.1_8000/static/img/devices.jpg]
[127.0.0.1_8000/static/js/tabs.js]
[127.0.0.1_8000/static/js/bootstrap3-wysihtml5.min.js]
[127.0.0.1_8000/admin-section/index.html]
[127.0.0.1_8000/static/js/dropzone.min.js]
[127.0.0.1_8000/submit_driver/index.html]
[127.0.0.1_8000/static/css/images/blank.gif]
[127.0.0.1_8000/static/img/slider_single_restaurant/1_medium.jpg]
[127.0.0.1_8000/static/img/slider_single_restaurant/1_small.jpg]
[127.0.0.1_8000/static/img/slider_single_restaurant/1_large.jpg]
[127.0.0.1_8000/static/img/slider_single_restaurant/2_medium.jpg]
[127.0.0.1_8000/static/img/slider_single_restaurant/2_small.jpg]
[127.0.0.1_8000/static/img/slider_single_restaurant/2_large.jpg]
[127.0.0.1_8000/static/img/slider_single_restaurant/3_medium.jpg]
[127.0.0.1_8000/static/img/slider_single_restaurant/3_small.jpg]
[127.0.0.1_8000/static/img/slider_single_restaurant/3_large.jpg]
[127.0.0.1_8000/static/img/slider_single_restaurant/4_medium.jpg]
[127.0.0.1_8000/static/img/slider_single_restaurant/4_small.jpg]
[127.0.0.1_8000/static/img/slider_single_restaurant/4_large.jpg]
[127.0.0.1_8000/static/img/slider_single_restaurant/5_medium.jpg]
[127.0.0.1_8000/static/img/slider_single_restaurant/5_small.jpg]
[127.0.0.1_8000/static/img/slider_single_restaurant/5_large.jpg]
[127.0.0.1_8000/static/img/slider_single_restaurant/6_medium.jpg]
[127.0.0.1_8000/static/img/slider_single_restaurant/6_small.jpg]
[127.0.0.1_8000/static/img/slider_single_restaurant/6_large.jpg]
[127.0.0.1_8000/static/img/slider_single_restaurant/7_medium.jpg]
[127.0.0.1_8000/static/img/slider_single_restaurant/7_small.jpg]
[127.0.0.1_8000/static/img/slider_single_restaurant/7_large.jpg]
[127.0.0.1_8000/static/img/slider_single_restaurant/8_medium.jpg]
[127.0.0.1_8000/static/img/slider_single_restaurant/8_small.jpg]
[127.0.0.1_8000/static/img/slider_single_restaurant/8_large.jpg]
[127.0.0.1_8000/static/img/slider_single_restaurant/9_medium.jpg]
[127.0.0.1_8000/static/img/slider_single_restaurant/9_small.jpg]
[127.0.0.1_8000/static/img/slider_single_restaurant/9_large.jpg]
[127.0.0.1_8000/static/img/avatar1.jpg]
[127.0.0.1_8000/static/img/avatar3.jpg]
[127.0.0.1_8000/static/img/avatar2.jpg]
[127.0.0.1_8000/static/js/map_single.js]
[127.0.0.1_8000/restaurant_infos/index.html]
[127.0.0.1_8000/static/js/jquery.sliderPro.min.js]
[127.0.0.1_8000/static/img/blog-1.jpg]
[127.0.0.1_8000/static/img/blog-2.jpg]
[127.0.0.1_8000/blog/index.html]
[127.0.0.1_8000/blog_post/index.html]
[127.0.0.1_8000/contacts/index.html]
[127.0.0.1_8000/static/img/blog-3.jpg]
[127.0.0.1_8000/static/coming_soon/img/favicon.ico]
[127.0.0.1_8000/static/coming_soon/img/apple-touch-icon-57x57-precomposed.png]
[127.0.0.1_8000/static/coming_soon/img/apple-touch-icon-72x72-precomposed.png]
[127.0.0.1_8000/static/coming_soon/img/apple-touch-icon-114x114-precomposed.png]
[127.0.0.1_8000/static/coming_soon/img/apple-touch-icon-144x144-precomposed.png]
[127.0.0.1_8000/static/coming_soon/img/slide_1.jpg]
[127.0.0.1_8000/static/coming_soon/img/slide_2.jpg]
[127.0.0.1_8000/static/coming_soon/img/slide_3.jpg]
[127.0.0.1_8000/static/coming_soon/js/jquery-2.2.4.min.js]
[127.0.0.1_8000/static/coming_soon/js/jquery.easing.1.3.min.js]
[127.0.0.1_8000/static/coming_soon/js/jquery.animate-enhanced.min.js]
[127.0.0.1_8000/static/coming_soon/js/jquery.superslides.min.js]
[127.0.0.1_8000/static/coming_soon/js/retina.min.js]
[127.0.0.1_8000/coming_soon/index.html]
[127.0.0.1_8000/detail_page.html]
[127.0.0.1_8000/list_page.html]
[127.0.0.1_8000/submit_restaurant.html]
[127.0.0.1_8000/submit_driver.html]
[127.0.0.1_8000/static/fonts/glyphicons-halflings-regular.svg]
[127.0.0.1_8000/static/img/fix_ie_9_menu.html]
[127.0.0.1_8000/static/img/arrow_down.svg]
[127.0.0.1_8000/static/img/search.svg]
[127.0.0.1_8000/static/img/icon_home_1.svg]
[127.0.0.1_8000/static/img/icon_home_2.svg]
[127.0.0.1_8000/static/img/icon_home_3.svg]
[127.0.0.1_8000/static/img/icon_home_4.svg]
[127.0.0.1_8000/static/img/time_panel.svg]
[127.0.0.1_8000/static/img/paypal.svg]
[127.0.0.1_8000/static/css/elegant_font/fonts/ElegantIcons.svg]
[127.0.0.1_8000/static/css/fontello/font/fontello4508.svg]
[127.0.0.1_8000/static/img/loader.html]
[127.0.0.1_8000/static/coming_soon/js/functions.js]
[127.0.0.1_8000/static/layerslider/css/layerslider.css]
[127.0.0.1_8000/index_with_slider/list_page.html]
[127.0.0.1_8000/index_with_slider/detail_page.html]
[127.0.0.1_8000/index_with_slider/submit_restaurant.html]
[127.0.0.1_8000/index_with_slider/submit_driver.html]
[127.0.0.1_8000/static/css/jquery.cookiebar.css]
[127.0.0.1_8000/index_with_cookie_bar/detail_page.html]
[127.0.0.1_8000/index_with_cookie_bar/list_page.html]
[127.0.0.1_8000/index_with_cookie_bar/submit_restaurant.html]
[127.0.0.1_8000/index_with_cookie_bar/submit_driver.html]
[127.0.0.1_8000/static/css/pop_up.css]
[127.0.0.1_8000/index_with_popup/detail_page.html]
[127.0.0.1_8000/index_with_popup/list_page.html]
[127.0.0.1_8000/index_with_popup/submit_restaurant.html]
[127.0.0.1_8000/index_with_popup/submit_driver.html]
[127.0.0.1_8000/index_with_popup/all_tours_list.html]
[127.0.0.1_8000/static/layerslider/css/blank.gif]
[127.0.0.1_8000/static/css/skins/square/grey.png]
[127.0.0.1_8000/static/css/skins/square/grey.css]
[127.0.0.1_8000/static/css/ion.rangeSlider.css]
[127.0.0.1_8000/static/css/skins/square/grey@2x.png]
[127.0.0.1_8000/static/img/sprite-skin-flat.png]
[127.0.0.1_8000/static/css/ion.rangeSlider.skinFlat.css]
[127.0.0.1_8000/row_list/grid_list.html]
[127.0.0.1_8000/row_list/detail_page.html]
[127.0.0.1_8000/grid_list/list_page.html]
[127.0.0.1_8000/grid_list/detail_page.html]
[127.0.0.1_8000/map_listing/grid_list.html]
[127.0.0.1_8000/map_listing/list_page.html]
[127.0.0.1_8000/map_listing/detail_page.html]
[127.0.0.1_8000/restaurant_menu/detail_page_2.html]
[127.0.0.1_8000/restaurant_menu/list_page.html]
[127.0.0.1_8000/restaurant_menu/cart.html]
[127.0.0.1_8000/cart/cart_2.html]
[127.0.0.1_8000/cart/cart_3.html]
[127.0.0.1_8000/cart/detail_page.html]
[127.0.0.1_8000/cart_2/cart.html]
[127.0.0.1_8000/cart_2/cart_3.html]
[127.0.0.1_8000/cart_3/cart.html]
[127.0.0.1_8000/cart_3/cart_2.html]
[127.0.0.1_8000/cart_3/detail_page.html]
[127.0.0.1_8000/static/css/date_time_picker.css]
[127.0.0.1_8000/cart_dt/cart_2.html]
[127.0.0.1_8000/cart_dt/cart_3.html]
[127.0.0.1_8000/cart_dt/detail_page.html]
[127.0.0.1_8000/static/css/admin.css]
[127.0.0.1_8000/static/css/bootstrap3-wysihtml5.min.css]
[127.0.0.1_8000/static/css/dropzone.css]
[127.0.0.1_8000/submit_driver/img/sub_header_cart.html]
[127.0.0.1_8000/static/css/images/openhand.cur]
[127.0.0.1_8000/static/css/images/closedhand.cur]
[127.0.0.1_8000/static/css/slider-pro.min.css]
[127.0.0.1_8000/static/css/blog.css]
[127.0.0.1_8000/blog/blog_post.html]
[127.0.0.1_8000/static/coming_soon/css/bootstrap.min.css]
[127.0.0.1_8000/static/coming_soon/css/style.css]
[127.0.0.1_8000/static/coming_soon/fontello/font/fontello4508.eot]
[127.0.0.1_8000/static/coming_soon/fontello/font/fontello4508.woff]
[127.0.0.1_8000/static/coming_soon/fontello/font/fontello4508.ttf]
[127.0.0.1_8000/static/coming_soon/fontello/css/fontello.css]
[127.0.0.1_8000/static/coming_soon/fontello/css/animation.css]
[127.0.0.1_8000/static/coming_soon/fonts/glyphicons-halflings-regular.html]
[127.0.0.1_8000/static/coming_soon/fonts/glyphicons-halflings-regulard41d.html]
[127.0.0.1_8000/static/coming_soon/fonts/glyphicons-halflings-regular-2.html]
[127.0.0.1_8000/static/coming_soon/fonts/glyphicons-halflings-regular-3.html]
[127.0.0.1_8000/static/coming_soon/fonts/glyphicons-halflings-regular-4.html]
[127.0.0.1_8000/static/coming_soon/fonts/glyphicons-halflings-regular-5.html]
[127.0.0.1_8000/static/coming_soon/fontello/font/fontello4508.svg]
